// Jest Snapshot v1, https://goo.gl/fbAQLP

exports[`it matches snapshot 1`] = `
<glamorous(div)>
  <glamorous(textarea)
    innerRef={[Function]}
  />
</glamorous(div)>
`;
