// Jest Snapshot v1, https://goo.gl/fbAQLP

exports[`it matches files 1`] = `
Array [
  "form.js",
  "header.js",
  "index.js",
]
`;

exports[`it matches snippets 1`] = `
Array [
  "aphrodite",
  "cxs",
  "emotion",
  "glamorous",
  "inline-styles",
  "jss",
  "linaria",
  "radium",
  "react-jss",
  "styled-components",
]
`;
