// Jest Snapshot v1, https://goo.gl/fbAQLP

exports[`it contains expected exports 1`] = `
Array [
  "SMALL_UP",
  "MEDIUM_UP",
  "LARGE_UP",
  "StyledComponents",
  "Glamorous",
  "Aphrodite",
  "ReactJSS",
  "JSS",
  "CXS",
  "Radium",
]
`;
