// Jest Snapshot v1, https://goo.gl/fbAQLP

exports[`it exports common libraries 1`] = `
Array [
  "Aphrodite",
  "Cxs",
  "Glamorous",
  "JSS",
  "Radium",
  "ReactJSS",
  "StyledComponents",
]
`;
