// Jest Snapshot v1, https://goo.gl/fbAQLP

exports[`it contains a SLIDE_UP animation 1`] = `"animation_bojjao"`;
