// Jest Snapshot v1, https://goo.gl/fbAQLP

exports[`it matches snapshot 1`] = `
"
  html, body {
    font-family: sans-serif;
  }

  html, body, #root {
    height: 100%;
  }

  body {
    overflow: hidden;
  }

  .wf-active {
    font-family: 'Bitter', sans-serif;
  }
"
`;
