// Jest Snapshot v1, https://goo.gl/fbAQLP

exports[`it contains a THEME object 1`] = `
Object {
  "dark": Object {
    "base": "#1E1E20",
    "text": "#ddd",
  },
  "light": Object {
    "base": "#ECF0F1",
    "text": "#1E1E20",
  },
  "primary": "dark",
}
`;
